{"u_token":"PL1mOY9Pq6mwdqZkCiYof4cc8O54MhyU","part_number":"BST50,115","manufacturer":"Nexperia USA","mode":"place-part","plugin":".snap","source":"https://www.snapeda.com"}